TAP version 13
# Subtest: remote: program / preview / cut / auto are applied on the switcher and confirmed by its state
not ok 1 - remote: program / preview / cut / auto are applied on the switcher and confirmed by its state
  ---
  duration_ms: 26050.388805
  location: '/workspace/tally/church-client/test/sim/atem.test.js:43:1'
  failureType: 'testCodeFailure'
  error: |-
    timeout (25000ms) waiting for relay sees ATEM with PGM 1 / PVW 2; relay status={"name":"Sim Church 1790342968304","connected":true,"status":{"atem":{"connected":false,"ip":"127.0.123.90","model":null,"modelCode":null,"productIdentifier":null,"protocolVersion":null,"programInput":null,"previewInput":null,"recording":false,"streaming":false,"streamingBitrate":null,"streamingCacheUsed":null,"streamingService":null,"inTransition":false,"audioDelays":{},"atemAudioSources":[],"inputSources":{},"cameras":{},"configured":true,"inputLabels":{}},"audioViaAtem":false,"audioViaAtemSource":"none","obs":{"connected":false,"error":null,"scenes":[],"currentScene":null,"app":null,"version":null,"websocketVersion":null,"streaming":false,"recording":false,"bitrate":null,"fps":null,"configured":false},"encoder":{"connected":false,"live":false,"bitrateKbps":null,"congestion":null,"fps":n
    [logs: /tmp/tally-relayloop-timeout-1790342993500.log]
  code: 'ERR_TEST_FAILURE'
  stack: |-
    Object.waitForRelay (/workspace/tally/church-client/test/helpers/relayLoop.js:129:11)
    async upLoop (/workspace/tally/church-client/test/sim/atem.test.js:37:3)
    async TestContext.<anonymous> (/workspace/tally/church-client/test/sim/atem.test.js:45:31)
    async Test.run (node:internal/test_runner/test:797:9)
    async Test.processPendingSubtests (node:internal/test_runner/test:526:7)
  ...
# Subtest: remote: the switcher ignoring a command (source the model lacks) is a refusal, never "done"
not ok 2 - remote: the switcher ignoring a command (source the model lacks) is a refusal, never "done"
  ---
  duration_ms: 26027.111651
  location: '/workspace/tally/church-client/test/sim/atem.test.js:74:1'
  failureType: 'testCodeFailure'
  error: |-
    timeout (25000ms) waiting for relay sees ATEM with PGM 1 / PVW 2; relay status={"name":"Sim Church 1790342994376","connected":true,"status":{"atem":{"connected":false,"ip":"127.0.124.7","model":null,"modelCode":null,"productIdentifier":null,"protocolVersion":null,"programInput":null,"previewInput":null,"recording":false,"streaming":false,"streamingBitrate":null,"streamingCacheUsed":null,"streamingService":null,"inTransition":false,"audioDelays":{},"atemAudioSources":[],"inputSources":{},"cameras":{},"configured":true,"inputLabels":{}},"audioViaAtem":false,"audioViaAtemSource":"none","obs":{"connected":false,"error":null,"scenes":[],"currentScene":null,"app":null,"version":null,"websocketVersion":null,"streaming":false,"recording":false,"bitrate":null,"fps":null,"configured":false},"encoder":{"connected":false,"live":false,"bitrateKbps":null,"congestion":null,"fps":nu
    [logs: /tmp/tally-relayloop-timeout-1790343019530.log]
  code: 'ERR_TEST_FAILURE'
  stack: |-
    Object.waitForRelay (/workspace/tally/church-client/test/helpers/relayLoop.js:129:11)
    async upLoop (/workspace/tally/church-client/test/sim/atem.test.js:37:3)
    async TestContext.<anonymous> (/workspace/tally/church-client/test/sim/atem.test.js:76:25)
    async Test.run (node:internal/test_runner/test:797:9)
    async Test.processPendingSubtests (node:internal/test_runner/test:526:7)
  ...
# Subtest: remote: ATEM recording with no USB disk and streaming with a bad key are refused; good cases confirmed
not ok 3 - remote: ATEM recording with no USB disk and streaming with a bad key are refused; good cases confirmed
  ---
  duration_ms: 26007.167548
  location: '/workspace/tally/church-client/test/sim/atem.test.js:98:1'
  failureType: 'testCodeFailure'
  error: |-
    timeout (25000ms) waiting for relay sees ATEM with PGM 1 / PVW 2; relay status={"name":"Sim Church 1790343020410","connected":true,"status":{"atem":{"connected":false,"ip":"127.0.125.228","model":null,"modelCode":null,"productIdentifier":null,"protocolVersion":null,"programInput":null,"previewInput":null,"recording":false,"streaming":false,"streamingBitrate":null,"streamingCacheUsed":null,"streamingService":null,"inTransition":false,"audioDelays":{},"atemAudioSources":[],"inputSources":{},"cameras":{},"configured":true,"inputLabels":{}},"audioViaAtem":false,"audioViaAtemSource":"none","obs":{"connected":false,"error":null,"scenes":[],"currentScene":null,"app":null,"version":null,"websocketVersion":null,"streaming":false,"recording":false,"bitrate":null,"fps":null,"configured":false},"encoder":{"connected":false,"live":false,"bitrateKbps":null,"congestion":null,"fps":
    [logs: /tmp/tally-relayloop-timeout-1790343045536.log]
  code: 'ERR_TEST_FAILURE'
  stack: |-
    Object.waitForRelay (/workspace/tally/church-client/test/helpers/relayLoop.js:129:11)
    async upLoop (/workspace/tally/church-client/test/sim/atem.test.js:37:3)
    async TestContext.<anonymous> (/workspace/tally/church-client/test/sim/atem.test.js:100:25)
    async Test.run (node:internal/test_runner/test:797:9)
    async Test.processPendingSubtests (node:internal/test_runner/test:526:7)
  ...
# Subtest: remote: ATEM unplugged → honest offline, commands refused fast (never "done"), recovery works
not ok 4 - remote: ATEM unplugged → honest offline, commands refused fast (never "done"), recovery works
  ---
  duration_ms: 25991.800446
  location: '/workspace/tally/church-client/test/sim/atem.test.js:124:1'
  failureType: 'testCodeFailure'
  error: |-
    timeout (25000ms) waiting for relay sees ATEM with PGM 1 / PVW 2; relay status={"name":"Sim Church 1790343046394","connected":true,"status":{"atem":{"connected":false,"ip":"127.0.126.164","model":null,"modelCode":null,"productIdentifier":null,"protocolVersion":null,"programInput":null,"previewInput":null,"recording":false,"streaming":false,"streamingBitrate":null,"streamingCacheUsed":null,"streamingService":null,"inTransition":false,"audioDelays":{},"atemAudioSources":[],"inputSources":{},"cameras":{},"configured":true,"inputLabels":{}},"audioViaAtem":false,"audioViaAtemSource":"none","obs":{"connected":false,"error":null,"scenes":[],"currentScene":null,"app":null,"version":null,"websocketVersion":null,"streaming":false,"recording":false,"bitrate":null,"fps":null,"configured":false},"encoder":{"connected":false,"live":false,"bitrateKbps":null,"congestion":null,"fps":
    [logs: /tmp/tally-relayloop-timeout-1790343071532.log]
  code: 'ERR_TEST_FAILURE'
  stack: |-
    Object.waitForRelay (/workspace/tally/church-client/test/helpers/relayLoop.js:129:11)
    async upLoop (/workspace/tally/church-client/test/sim/atem.test.js:37:3)
    async TestContext.<anonymous> (/workspace/tally/church-client/test/sim/atem.test.js:126:31)
    async Test.run (node:internal/test_runner/test:797:9)
    async Test.processPendingSubtests (node:internal/test_runner/test:526:7)
  ...
# Subtest: remote: ATEM power-cycled → every command path works on the NEW connection (no stale switcher object)
not ok 5 - remote: ATEM power-cycled → every command path works on the NEW connection (no stale switcher object)
  ---
  duration_ms: 25913.263162
  location: '/workspace/tally/church-client/test/sim/atem.test.js:154:1'
  failureType: 'testCodeFailure'
  error: |-
    timeout (25000ms) waiting for relay sees ATEM with PGM 1 / PVW 2; relay status={"name":"Sim Church 1790343072333","connected":true,"status":{"atem":{"connected":false,"ip":"127.0.127.183","model":null,"modelCode":null,"productIdentifier":null,"protocolVersion":null,"programInput":null,"previewInput":null,"recording":false,"streaming":false,"streamingBitrate":null,"streamingCacheUsed":null,"streamingService":null,"inTransition":false,"audioDelays":{},"atemAudioSources":[],"inputSources":{},"cameras":{},"configured":true,"inputLabels":{}},"audioViaAtem":false,"audioViaAtemSource":"none","obs":{"connected":false,"error":null,"scenes":[],"currentScene":null,"app":null,"version":null,"websocketVersion":null,"streaming":false,"recording":false,"bitrate":null,"fps":null,"configured":false},"encoder":{"connected":false,"live":false,"bitrateKbps":null,"congestion":null,"fps":
    [logs: /tmp/tally-relayloop-timeout-1790343097445.log]
  code: 'ERR_TEST_FAILURE'
  stack: |-
    Object.waitForRelay (/workspace/tally/church-client/test/helpers/relayLoop.js:129:11)
    async upLoop (/workspace/tally/church-client/test/sim/atem.test.js:37:3)
    async TestContext.<anonymous> (/workspace/tally/church-client/test/sim/atem.test.js:156:25)
    async Test.run (node:internal/test_runner/test:797:9)
    async Test.processPendingSubtests (node:internal/test_runner/test:526:7)
  ...
# Subtest: remote: operator switching on the ATEM panel shows up for the engineer; church offline → 503, nothing queued
not ok 6 - remote: operator switching on the ATEM panel shows up for the engineer; church offline → 503, nothing queued
  ---
  duration_ms: 26169.58697
  location: '/workspace/tally/church-client/test/sim/atem.test.js:175:1'
  failureType: 'testCodeFailure'
  error: |-
    timeout (25000ms) waiting for relay sees ATEM with PGM 1 / PVW 2; relay status={"name":"Sim Church 1790343098395","connected":true,"status":{"atem":{"connected":false,"ip":"127.0.128.166","model":null,"modelCode":null,"productIdentifier":null,"protocolVersion":null,"programInput":null,"previewInput":null,"recording":false,"streaming":false,"streamingBitrate":null,"streamingCacheUsed":null,"streamingService":null,"inTransition":false,"audioDelays":{},"atemAudioSources":[],"inputSources":{},"cameras":{},"configured":true,"inputLabels":{}},"audioViaAtem":false,"audioViaAtemSource":"none","obs":{"connected":false,"error":null,"scenes":[],"currentScene":null,"app":null,"version":null,"websocketVersion":null,"streaming":false,"recording":false,"bitrate":null,"fps":null,"configured":false},"encoder":{"connected":false,"live":false,"bitrateKbps":null,"congestion":null,"fps":
    [logs: /tmp/tally-relayloop-timeout-1790343123619.log]
  code: 'ERR_TEST_FAILURE'
  stack: |-
    Object.waitForRelay (/workspace/tally/church-client/test/helpers/relayLoop.js:129:11)
    async upLoop (/workspace/tally/church-client/test/sim/atem.test.js:37:3)
    async TestContext.<anonymous> (/workspace/tally/church-client/test/sim/atem.test.js:177:26)
    async Test.run (node:internal/test_runner/test:797:9)
    async Test.processPendingSubtests (node:internal/test_runner/test:526:7)
  ...
# Subtest: /workspace/tally/church-client/test/sim/atem.test.js
not ok 1 - /workspace/tally/church-client/test/sim/atem.test.js
  ---
  duration_ms: 180101.47168
  location: '/workspace/tally/church-client/test/sim/atem.test.js:1:1'
  failureType: 'testTimeoutFailure'
  error: 'test timed out after 180000ms'
  code: 'ERR_TEST_FAILURE'
  ...
1..7
# tests 7
# suites 0
# pass 0
# fail 6
# cancelled 1
# skipped 0
# todo 0
# duration_ms 180107.293881
