TAP version 13
# Subtest: remote: program / preview / cut / auto are applied on the switcher and confirmed by its state
ok 1 - remote: program / preview / cut / auto are applied on the switcher and confirmed by its state
  ---
  duration_ms: 7375.124816
  ...
# Subtest: remote: the switcher ignoring a command (source the model lacks) is a refusal, never "done"
not ok 2 - remote: the switcher ignoring a command (source the model lacks) is a refusal, never "done"
  ---
  duration_ms: 5192.313343
  location: '/workspace/tally/church-client/test/sim/atem.test.js:74:1'
  failureType: 'testCodeFailure'
  error: 'ATEM ignored MP2 but Tally said: {"result":"Program set to MP2","error":null,"ms":40}'
  code: 'ERR_ASSERTION'
  name: 'AssertionError'
  expected: true
  actual: ~
  operator: '=='
  stack: |-
    TestContext.<anonymous> (/workspace/tally/church-client/test/sim/atem.test.js:85:10)
    async Test.run (node:internal/test_runner/test:797:9)
    async Test.processPendingSubtests (node:internal/test_runner/test:526:7)
  ...
# Subtest: remote: ATEM recording with no USB disk and streaming with a bad key are refused; good cases confirmed
ok 3 - remote: ATEM recording with no USB disk and streaming with a bad key are refused; good cases confirmed
  ---
  duration_ms: 11272.187434
  ...
# Subtest: remote: ATEM unplugged → honest offline, commands refused fast (never "done"), recovery works
ok 4 - remote: ATEM unplugged → honest offline, commands refused fast (never "done"), recovery works
  ---
  duration_ms: 12906.19417
  ...
# Subtest: remote: ATEM power-cycled → every command path works on the NEW connection (no stale switcher object)
ok 5 - remote: ATEM power-cycled → every command path works on the NEW connection (no stale switcher object)
  ---
  duration_ms: 9969.710466
  ...
# Subtest: remote: operator switching on the ATEM panel shows up for the engineer; church offline → 503, nothing queued
ok 6 - remote: operator switching on the ATEM panel shows up for the engineer; church offline → 503, nothing queued
  ---
  duration_ms: 7797.62652
  ...
1..6
# tests 6
# suites 0
# pass 5
# fail 1
# cancelled 0
# skipped 0
# todo 0
# duration_ms 54665.423784
