TAP version 13
# Subtest: remote: program / preview / cut / auto are applied on the switcher and confirmed by its state
not ok 1 - remote: program / preview / cut / auto are applied on the switcher and confirmed by its state
  ---
  duration_ms: 6052.50421
  location: '/workspace/tally/church-client/test/sim/atem.test.js:43:1'
  failureType: 'testCodeFailure'
  error: |-
    auto reported done while the transition was still running
    
    true !== false
    
  code: 'ERR_ASSERTION'
  name: 'AssertionError'
  expected: false
  actual: true
  operator: 'strictEqual'
  stack: |-
    TestContext.<anonymous> (/workspace/tally/church-client/test/sim/atem.test.js:64:10)
    async Test.run (node:internal/test_runner/test:797:9)
    async Test.processPendingSubtests (node:internal/test_runner/test:526:7)
  ...
# Subtest: remote: the switcher ignoring a command (source the model lacks) is a refusal, never "done"
not ok 2 - remote: the switcher ignoring a command (source the model lacks) is a refusal, never "done"
  ---
  duration_ms: 5076.830497
  location: '/workspace/tally/church-client/test/sim/atem.test.js:74:1'
  failureType: 'testCodeFailure'
  error: 'ATEM ignored MP2 but Tally said: {"result":"Program set to MP2","error":null,"ms":41}'
  code: 'ERR_ASSERTION'
  name: 'AssertionError'
  expected: true
  actual: ~
  operator: '=='
  stack: |-
    TestContext.<anonymous> (/workspace/tally/church-client/test/sim/atem.test.js:85:10)
    async Test.run (node:internal/test_runner/test:797:9)
    async Test.processPendingSubtests (node:internal/test_runner/test:526:7)
  ...
# Subtest: remote: ATEM recording with no USB disk and streaming with a bad key are refused; good cases confirmed
not ok 3 - remote: ATEM recording with no USB disk and streaming with a bad key are refused; good cases confirmed
  ---
  duration_ms: 4686.14181
  location: '/workspace/tally/church-client/test/sim/atem.test.js:98:1'
  failureType: 'testCodeFailure'
  error: 'record with no disk must be refused: {"result":"Recording started","error":null,"ms":41}'
  code: 'ERR_ASSERTION'
  name: 'AssertionError'
  expected: true
  actual: ~
  operator: '=='
  stack: |-
    TestContext.<anonymous> (/workspace/tally/church-client/test/sim/atem.test.js:103:10)
    async Test.run (node:internal/test_runner/test:797:9)
    async Test.processPendingSubtests (node:internal/test_runner/test:526:7)
  ...
# Subtest: remote: ATEM unplugged → honest offline, commands refused fast (never "done"), recovery works
not ok 4 - remote: ATEM unplugged → honest offline, commands refused fast (never "done"), recovery works
  ---
  duration_ms: 5591.103043
  location: '/workspace/tally/church-client/test/sim/atem.test.js:124:1'
  failureType: 'testCodeFailure'
  error: 'a switch to an unplugged ATEM was reported done: {"result":"Program set to Cam 3","error":null,"ms":807}'
  code: 'ERR_ASSERTION'
  name: 'AssertionError'
  expected: true
  operator: '=='
  stack: |-
    TestContext.<anonymous> (/workspace/tally/church-client/test/sim/atem.test.js:132:10)
    async Test.run (node:internal/test_runner/test:797:9)
    async Test.processPendingSubtests (node:internal/test_runner/test:526:7)
  ...
# Subtest: remote: ATEM power-cycled → every command path works on the NEW connection (no stale switcher object)
ok 5 - remote: ATEM power-cycled → every command path works on the NEW connection (no stale switcher object)
  ---
  duration_ms: 9822.7726
  ...
# Subtest: remote: operator switching on the ATEM panel shows up for the engineer; church offline → 503, nothing queued
ok 6 - remote: operator switching on the ATEM panel shows up for the engineer; church offline → 503, nothing queued
  ---
  duration_ms: 7827.232877
  ...
1..6
# tests 6
# suites 0
# pass 2
# fail 4
# cancelled 0
# skipped 0
# todo 0
# duration_ms 39225.362913
EXIT 1
