TAP version 13
# Subtest: remote: scene, stream and record commands are applied by OBS and confirmed; OBS refusals come back as errors
not ok 1 - remote: scene, stream and record commands are applied by OBS and confirmed; OBS refusals come back as errors
  ---
  duration_ms: 2589.223074
  location: '/workspace/church-client/test/sim/obs-relay.test.js:34:1'
  failureType: 'testCodeFailure'
  error: 'engineer was not told OBS is actually live: {"result":"Stream started","error":null,"ms":41}'
  code: 'ERR_ASSERTION'
  name: 'AssertionError'
  expected:
  actual: 'Stream started'
  operator: 'match'
  stack: |-
    TestContext.<anonymous> (/workspace/church-client/test/sim/obs-relay.test.js:53:10)
    async Test.run (node:internal/test_runner/test:980:9)
    async startSubtestAfterBootstrap (node:internal/test_runner/harness:296:3)
  ...
# Subtest: remote: OBS accepts StartStream but the stream fails (bad key / ingest down) → refusal, never "Stream started"
not ok 2 - remote: OBS accepts StartStream but the stream fails (bad key / ingest down) → refusal, never "Stream started"
  ---
  duration_ms: 1835.373515
  location: '/workspace/church-client/test/sim/obs-relay.test.js:79:1'
  failureType: 'testCodeFailure'
  error: 'OBS never went live but Tally said: {"result":"Stream started","error":null,"ms":40}'
  code: 'ERR_ASSERTION'
  name: 'AssertionError'
  expected: true
  actual: ~
  operator: '=='
  stack: |-
    TestContext.<anonymous> (/workspace/church-client/test/sim/obs-relay.test.js:84:10)
    async Test.run (node:internal/test_runner/test:980:9)
    async Test.processPendingSubtests (node:internal/test_runner/test:677:7)
  ...
# Subtest: remote: OBS crashed → honest offline, commands refused fast; OBS back → commands work
ok 3 - remote: OBS crashed → honest offline, commands refused fast; OBS back → commands work
  ---
  duration_ms: 6945.049453
  ...
# Subtest: remote: OBS frozen (socket open, nothing answers) → command fails with a reason in seconds, OBS shown offline, recovers on thaw
not ok 4 - remote: OBS frozen (socket open, nothing answers) → command fails with a reason in seconds, OBS shown offline, recovers on thaw
  ---
  duration_ms: 19830.426539
  location: '/workspace/church-client/test/sim/obs-relay.test.js:120:1'
  failureType: 'testCodeFailure'
  error: 'engineer got no answer from a frozen OBS within 15005ms'
  code: 'ERR_ASSERTION'
  name: 'AssertionError'
  expected: true
  actual: false
  operator: '=='
  stack: |-
    TestContext.<anonymous> (/workspace/church-client/test/sim/obs-relay.test.js:125:10)
    async Test.run (node:internal/test_runner/test:980:9)
    async Test.processPendingSubtests (node:internal/test_runner/test:677:7)
  ...
# Subtest: remote: Equipment-UI OBS encoder — encoder.startStream/stopStream really drive OBS and report the truth
not ok 5 - remote: Equipment-UI OBS encoder — encoder.startStream/stopStream really drive OBS and report the truth
  ---
  duration_ms: 1998.962826
  location: '/workspace/church-client/test/sim/obs-relay.test.js:137:1'
  failureType: 'testCodeFailure'
  error: |-
    OBS went live but the engineer was told: {"result":null,"error":"Encoder \"obs\" does not support remote stream start","ms":82}
    + actual - expected
    
    + 'Encoder "obs" does not support remote stream start'
    - null
    
  code: 'ERR_ASSERTION'
  name: 'AssertionError'
  expected: ~
  actual: 'Encoder "obs" does not support remote stream start'
  operator: 'strictEqual'
  stack: |-
    TestContext.<anonymous> (/workspace/church-client/test/sim/obs-relay.test.js:147:10)
    async Test.run (node:internal/test_runner/test:980:9)
    async Test.processPendingSubtests (node:internal/test_runner/test:677:7)
  ...
# Subtest: remote: OBS freezes while nobody is sending commands → shown offline ≤ 15 s (no stale "connected"/LIVE)
not ok 6 - remote: OBS freezes while nobody is sending commands → shown offline ≤ 15 s (no stale "connected"/LIVE)
  ---
  duration_ms: 29747.205041
  location: '/workspace/church-client/test/sim/obs-relay.test.js:166:1'
  failureType: 'testCodeFailure'
  error: |-
    timeout (25000ms) waiting for relay sees idle frozen OBS offline; relay status={"name":"Sim Church 1790347025669","connected":true,"status":{"atem":{"connected":false,"ip":null,"model":null,"modelCode":null,"productIdentifier":null,"protocolVersion":null,"programInput":null,"previewInput":null,"recording":false,"streaming":false,"streamingBitrate":null,"streamingCacheUsed":null,"streamingService":null,"inTransition":false,"audioDelays":{},"atemAudioSources":[],"inputSources":{},"cameras":{},"configured":false},"audioViaAtem":false,"audioViaAtemSource":"none","obs":{"connected":true,"error":null,"scenes":["Scene 1","Scene 2","Scene 3"],"currentScene":"Scene 1","app":"OBS Studio","version":"30.0.0","websocketVersion":"5.4.0","streaming":true,"recording":false,"bitrate":null,"fps":null,"configured":true},"encoder":{"connected":true,"live":true,"bitrateKbps":null,"conges
    [logs: /tmp/tally-relayloop-timeout-1790347051454.log]
  code: 'ERR_TEST_FAILURE'
  stack: |-
    Object.waitForRelay (/workspace/church-client/test/helpers/relayLoop.js:129:11)
    async TestContext.<anonymous> (/workspace/church-client/test/sim/obs-relay.test.js:173:3)
    async Test.run (node:internal/test_runner/test:980:9)
    async Test.processPendingSubtests (node:internal/test_runner/test:677:7)
  ...
# Subtest: remote: wrong OBS password never shows connected, and the relay says why
ok 7 - remote: wrong OBS password never shows connected, and the relay says why
  ---
  duration_ms: 1082.54649
  ...
1..7
# tests 7
# suites 0
# pass 2
# fail 5
# cancelled 0
# skipped 0
# todo 0
# duration_ms 64106.457632
