TAP version 13
# Subtest: remote: scene, stream and record commands are applied by OBS and confirmed; OBS refusals come back as errors
ok 1 - remote: scene, stream and record commands are applied by OBS and confirmed; OBS refusals come back as errors
  ---
  duration_ms: 5059.394887
  ...
# Subtest: remote: OBS accepts StartStream but the stream fails (bad key / ingest down) → refusal, never "Stream started"
not ok 2 - remote: OBS accepts StartStream but the stream fails (bad key / ingest down) → refusal, never "Stream started"
  ---
  duration_ms: 1764.854065
  location: '/workspace/tally/church-client/test/sim/obs-relay.test.js:72:1'
  failureType: 'testCodeFailure'
  error: 'OBS never went live but Tally said: {"result":"Stream started","error":null,"ms":40}'
  code: 'ERR_ASSERTION'
  name: 'AssertionError'
  expected: true
  actual: ~
  operator: '=='
  stack: |-
    TestContext.<anonymous> (/workspace/tally/church-client/test/sim/obs-relay.test.js:77:10)
    async Test.run (node:internal/test_runner/test:797:9)
    async Test.processPendingSubtests (node:internal/test_runner/test:526:7)
  ...
# Subtest: remote: OBS crashed → honest offline, commands refused fast; OBS back → commands work
ok 3 - remote: OBS crashed → honest offline, commands refused fast; OBS back → commands work
  ---
  duration_ms: 6847.622719
  ...
# Subtest: remote: OBS frozen (socket open, nothing answers) → command fails with a reason in seconds, OBS shown offline, recovers on thaw
not ok 4 - remote: OBS frozen (socket open, nothing answers) → command fails with a reason in seconds, OBS shown offline, recovers on thaw
  ---
  duration_ms: 19768.417463
  location: '/workspace/tally/church-client/test/sim/obs-relay.test.js:113:1'
  failureType: 'testCodeFailure'
  error: 'engineer got no answer from a frozen OBS within 15029ms'
  code: 'ERR_ASSERTION'
  name: 'AssertionError'
  expected: true
  actual: false
  operator: '=='
  stack: |-
    TestContext.<anonymous> (/workspace/tally/church-client/test/sim/obs-relay.test.js:118:10)
    async Test.run (node:internal/test_runner/test:797:9)
    async Test.processPendingSubtests (node:internal/test_runner/test:526:7)
  ...
# Subtest: remote: Equipment-UI OBS encoder — encoder.startStream/stopStream really drive OBS and report the truth
not ok 5 - remote: Equipment-UI OBS encoder — encoder.startStream/stopStream really drive OBS and report the truth
  ---
  duration_ms: 1777.009114
  location: '/workspace/tally/church-client/test/sim/obs-relay.test.js:130:1'
  failureType: 'testCodeFailure'
  error: |-
    OBS went live but the engineer was told: {"result":null,"error":"Encoder \"obs\" does not support remote stream start","ms":39}
    + actual - expected
    
    + 'Encoder "obs" does not support remote stream start'
    - null
  code: 'ERR_ASSERTION'
  name: 'AssertionError'
  expected: ~
  actual: 'Encoder "obs" does not support remote stream start'
  operator: 'strictEqual'
  stack: |-
    TestContext.<anonymous> (/workspace/tally/church-client/test/sim/obs-relay.test.js:140:10)
    async Test.run (node:internal/test_runner/test:797:9)
    async Test.processPendingSubtests (node:internal/test_runner/test:526:7)
  ...
1..5
# tests 5
# suites 0
# pass 2
# fail 3
# cancelled 0
# skipped 0
# todo 0
# duration_ms 35403.377302
